2026-06-25 13:49:18,707 - INFO - Starting log analysis
2026-06-25 13:50:22,114 - INFO - User admin logged in successfully from IP 192.168.1.50
2026-06-25 13:51:05,823 - WARNING - Disk usage has reached 85% capacity
$$$$$
2026-06-25 13:52:14,002 - ERROR - Database connection timeout after 30 seconds
12345

2026-06-25 13:53:45,991 - INFO - Background sync completed successfully
%%%%%
2026-06-25 13:55:01,118 - ERROR - Failed to write file to storage directory